Copyright (C) 2016 Microsoft Corporation. All rights reserved.

~\Documents\GitHub> git clone https://github.com/sohamdighe14/codeLang.git
Cloning into 'codeLang'...
remote: Counting objects: 54, done.
remote: Total 54 (delta 0), reused 0 (delta 0), pack-reused 54
Unpacking objects: 100% (54/54), done.
~\Documents\GitHub> git remote add upstream https://github.com/ydjain/codeLang.git
fatal: Not a git repository (or any of the parent directories): .git
~\Documents\GitHub> cd Code Lang
Set-Location : A positional parameter cannot be found that accepts argument 'Lang'.
At line:1 char:1
+ cd Code Lang
+ ~~~~~~~~~~~~
    + CategoryInfo          : InvalidArgument: (:) [Set-Location], ParameterBindingException
    + FullyQualifiedErrorId : PositionalParameterNotFound,Microsoft.PowerShell.Commands.SetLocationCommand

~\Documents\GitHub> cd codeLang
~\Documents\GitHub\codeLang [master =]> git remote add upstream https://github.com/ydjain/codeLang.git
~\Documents\GitHub\codeLang [master =]> git remote add upstream https://github.com/ydjain/codeLang.git
fatal: remote upstream already exists.
~\Documents\GitHub\codeLang [master =]> git remote - v
error: Unknown subcommand: -
usage: git remote [-v | --verbose]
   or: git remote add [-t <branch>] [-m <master>] [-f] [--tags | --no-tags] [--mirror=<fetch|push>] <name> <url>
   or: git remote rename <old> <new>
   or: git remote remove <name>
   or: git remote set-head <name> (-a | --auto | -d | --delete | <branch>)
   or: git remote [-v | --verbose] show [-n] <name>
   or: git remote prune [-n | --dry-run] <name>
   or: git remote [-v | --verbose] update [-p | --prune] [(<group> | <remote>)...]
   or: git remote set-branches [--add] <name> <branch>...
   or: git remote get-url [--push] [--all] <name>
   or: git remote set-url [--push] <name> <newurl> [<oldurl>]
   or: git remote set-url --add <name> <newurl>
   or: git remote set-url --delete <name> <url>

    -v, --verbose         be verbose; must be placed before a subcommand

~\Documents\GitHub\codeLang [master =]> git remote -v
origin  https://github.com/sohamdighe14/codeLang.git (fetch)
origin  https://github.com/sohamdighe14/codeLang.git (push)
upstream        https://github.com/ydjain/codeLang.git (fetch)
upstream        https://github.com/ydjain/codeLang.git (push)
~\Documents\GitHub\codeLang [master =]> git checkout -b sd
Switched to a new branch 'sd'
~\Documents\GitHub\codeLang [sd]> git branch
  master
* sd
~\Documents\GitHub\codeLang [sd]> git add .
~\Documents\GitHub\codeLang [sd +1 ~0 -0 ~]> git status
On branch sd
Changes to be committed:
  (use "git reset HEAD <file>..." to unstage)

        new file:   README.md.txt

~\Documents\GitHub\codeLang [sd +1 ~0 -0 ~]> git commit -m added readme
error: pathspec 'readme' did not match any file(s) known to git.
~\Documents\GitHub\codeLang [sd +1 ~0 -0 ~]> git commit -m "added readme"
[sd 95b4644] added readme
 1 file changed, 1 insertion(+)
 create mode 100644 README.md.txt
~\Documents\GitHub\codeLang [sd]> git push origin sd
Counting objects: 3, done.
Delta compression using up to 4 threads.
Compressing objects: 100% (2/2), done.
Writing objects: 100% (3/3), 277 bytes | 0 bytes/s, done.
Total 3 (delta 1), reused 0 (delta 0)
remote: Resolving deltas: 100% (1/1), completed with 1 local object.
To https://github.com/sohamdighe14/codeLang.git
 * [new branch]      sd -> sd
~\Documents\GitHub\codeLang [sd]> git push origin sd
Everything up-to-date
~\Documents\GitHub\codeLang [sd]> git push origin sd
Everything up-to-date
~\Documents\GitHub\codeLang [sd]> git merge sd
Already up-to-date.
~\Documents\GitHub\codeLang [sd]> git checkout master
Your branch is up-to-date with 'origin/master'.
Switched to branch 'master'
~\Documents\GitHub\codeLang [master =]> git merge sd
Updating 9a7d346..95b4644
Fast-forward
 README.md.txt | 1 +
 1 file changed, 1 insertion(+)
 create mode 100644 README.md.txt
~\Documents\GitHub\codeLang [master ?1]> git push origin master
Total 0 (delta 0), reused 0 (delta 0)
To https://github.com/sohamdighe14/codeLang.git
   9a7d346..95b4644  master -> master
~\Documents\GitHub\codeLang [master =]>